Thread 1 iteration 0
Thread 1 iteration 1
Thread 1 iteration 2
Thread 1 iteration 3
Thread 1 iteration 4
Thread 3 iteration 0
Thread 3 iteration 1
Thread 3 iteration 2
Thread 3 iteration 3
Thread 3 iteration 4
Thread 2 iteration 0
Thread 2 iteration 1
Thread 2 iteration 2
Thread 2 iteration 3
Thread 2 iteration 4
Thread 4 iteration 0
Thread 4 iteration 1
Thread 4 iteration 2
Thread 4 iteration 3
Thread 4 iteration 4
